[0.068s] DEBUG:colcon:Command line arguments: ['/usr/bin/colcon', 'build']
[0.068s] DEBUG:colcon:Parsed command line arguments: Namespace(log_base=None, log_level=None, verb_name='build', build_base='build', install_base='install', merge_install=False, symlink_install=False, test_result_base=None, continue_on_error=False, executor='parallel', parallel_workers=12, event_handlers=None, ignore_user_meta=False, metas=['./colcon.meta'], base_paths=['.'], packages_ignore=None, packages_ignore_regex=None, paths=None, packages_up_to=None, packages_up_to_regex=None, packages_above=None, packages_above_and_dependencies=None, packages_above_depth=None, packages_select_by_dep=None, packages_skip_by_dep=None, packages_skip_up_to=None, packages_select_build_failed=False, packages_skip_build_finished=False, packages_select_test_failures=False, packages_skip_test_passed=False, packages_select=None, packages_skip=None, packages_select_regex=None, packages_skip_regex=None, packages_start=None, packages_end=None, allow_overriding=[], cmake_args=None, cmake_target=None, cmake_target_skip_unavailable=False, cmake_clean_cache=False, cmake_clean_first=False, cmake_force_configure=False, ament_cmake_args=None, catkin_cmake_args=None, catkin_skip_building_tests=False, mixin_files=None, mixin=None, verb_parser=<colcon_mixin.mixin.mixin_argument.MixinArgumentDecorator object at 0x7a135289d100>, verb_extension=<colcon_core.verb.build.BuildVerb object at 0x7a135289ce00>, main=<bound method BuildVerb.main of <colcon_core.verb.build.BuildVerb object at 0x7a135289ce00>>, mixin_verb=('build',))
[0.094s] Level 1:colcon.colcon_core.package_discovery:discover_packages(colcon_meta) check parameters
[0.094s] Level 1:colcon.colcon_core.package_discovery:discover_packages(recursive) check parameters
[0.094s] Level 1:colcon.colcon_core.package_discovery:discover_packages(ignore) check parameters
[0.094s] Level 1:colcon.colcon_core.package_discovery:discover_packages(path) check parameters
[0.094s] Level 1:colcon.colcon_core.package_discovery:discover_packages(colcon_meta) discover
[0.094s] Level 1:colcon.colcon_core.package_discovery:discover_packages(recursive) discover
[0.094s] INFO:colcon.colcon_core.package_discovery:Crawling recursively for packages in '/home/song/ros2_ws'
[0.094s] Level 1:colcon.colcon_core.package_identification:_identify(.) by extensions ['ignore', 'ignore_ament_install']
[0.094s] Level 1:colcon.colcon_core.package_identification:_identify(.) by extension 'ignore'
[0.094s] Level 1:colcon.colcon_core.package_identification:_identify(.) by extension 'ignore_ament_install'
[0.094s] Level 1:colcon.colcon_core.package_identification:_identify(.) by extensions ['colcon_pkg']
[0.094s] Level 1:colcon.colcon_core.package_identification:_identify(.) by extension 'colcon_pkg'
[0.094s] Level 1:colcon.colcon_core.package_identification:_identify(.) by extensions ['colcon_meta']
[0.094s] Level 1:colcon.colcon_core.package_identification:_identify(.) by extension 'colcon_meta'
[0.094s] Level 1:colcon.colcon_core.package_identification:_identify(.) by extensions ['ros']
[0.094s] Level 1:colcon.colcon_core.package_identification:_identify(.) by extension 'ros'
[0.113s] Level 1:colcon.colcon_core.package_identification:_identify(.) by extensions ['cmake', 'python']
[0.113s] Level 1:colcon.colcon_core.package_identification:_identify(.) by extension 'cmake'
[0.113s] Level 1:colcon.colcon_core.package_identification:_identify(.) by extension 'python'
[0.113s] Level 1:colcon.colcon_core.package_identification:_identify(.) by extensions ['python_setup_py']
[0.113s] Level 1:colcon.colcon_core.package_identification:_identify(.) by extension 'python_setup_py'
[0.113s] Level 1:colcon.colcon_core.package_identification:_identify(build) by extensions ['ignore', 'ignore_ament_install']
[0.113s] Level 1:colcon.colcon_core.package_identification:_identify(build) by extension 'ignore'
[0.113s] Level 1:colcon.colcon_core.package_identification:_identify(build) ignored
[0.113s] Level 1:colcon.colcon_core.package_identification:_identify(install) by extensions ['ignore', 'ignore_ament_install']
[0.113s] Level 1:colcon.colcon_core.package_identification:_identify(install) by extension 'ignore'
[0.113s] Level 1:colcon.colcon_core.package_identification:_identify(install) ignored
[0.113s] Level 1:colcon.colcon_core.package_identification:_identify(log) by extensions ['ignore', 'ignore_ament_install']
[0.113s] Level 1:colcon.colcon_core.package_identification:_identify(log) by extension 'ignore'
[0.113s] Level 1:colcon.colcon_core.package_identification:_identify(log) ignored
[0.113s] Level 1:colcon.colcon_core.package_identification:_identify(src) by extensions ['ignore', 'ignore_ament_install']
[0.113s] Level 1:colcon.colcon_core.package_identification:_identify(src) by extension 'ignore'
[0.113s] Level 1:colcon.colcon_core.package_identification:_identify(src) by extension 'ignore_ament_install'
[0.113s] Level 1:colcon.colcon_core.package_identification:_identify(src) by extensions ['colcon_pkg']
[0.113s] Level 1:colcon.colcon_core.package_identification:_identify(src) by extension 'colcon_pkg'
[0.113s] Level 1:colcon.colcon_core.package_identification:_identify(src) by extensions ['colcon_meta']
[0.113s] Level 1:colcon.colcon_core.package_identification:_identify(src) by extension 'colcon_meta'
[0.113s] Level 1:colcon.colcon_core.package_identification:_identify(src) by extensions ['ros']
[0.113s] Level 1:colcon.colcon_core.package_identification:_identify(src) by extension 'ros'
[0.113s] Level 1:colcon.colcon_core.package_identification:_identify(src) by extensions ['cmake', 'python']
[0.113s] Level 1:colcon.colcon_core.package_identification:_identify(src) by extension 'cmake'
[0.113s] Level 1:colcon.colcon_core.package_identification:_identify(src) by extension 'python'
[0.113s] Level 1:colcon.colcon_core.package_identification:_identify(src) by extensions ['python_setup_py']
[0.114s] Level 1:colcon.colcon_core.package_identification:_identify(src) by extension 'python_setup_py'
[0.114s] Level 1:colcon.colcon_core.package_identification:_identify(src/balancing_robot) by extensions ['ignore', 'ignore_ament_install']
[0.114s] Level 1:colcon.colcon_core.package_identification:_identify(src/balancing_robot) by extension 'ignore'
[0.114s] Level 1:colcon.colcon_core.package_identification:_identify(src/balancing_robot) by extension 'ignore_ament_install'
[0.114s] Level 1:colcon.colcon_core.package_identification:_identify(src/balancing_robot) by extensions ['colcon_pkg']
[0.114s] Level 1:colcon.colcon_core.package_identification:_identify(src/balancing_robot) by extension 'colcon_pkg'
[0.114s] Level 1:colcon.colcon_core.package_identification:_identify(src/balancing_robot) by extensions ['colcon_meta']
[0.114s] Level 1:colcon.colcon_core.package_identification:_identify(src/balancing_robot) by extension 'colcon_meta'
[0.114s] Level 1:colcon.colcon_core.package_identification:_identify(src/balancing_robot) by extensions ['ros']
[0.114s] Level 1:colcon.colcon_core.package_identification:_identify(src/balancing_robot) by extension 'ros'
[0.115s] DEBUG:colcon.colcon_core.package_identification:Package 'src/balancing_robot' with type 'ros.ament_cmake' and name 'balancing_robot'
[0.115s] Level 1:colcon.colcon_core.package_identification:_identify(src/hanium) by extensions ['ignore', 'ignore_ament_install']
[0.115s] Level 1:colcon.colcon_core.package_identification:_identify(src/hanium) by extension 'ignore'
[0.115s] Level 1:colcon.colcon_core.package_identification:_identify(src/hanium) by extension 'ignore_ament_install'
[0.116s] Level 1:colcon.colcon_core.package_identification:_identify(src/hanium) by extensions ['colcon_pkg']
[0.116s] Level 1:colcon.colcon_core.package_identification:_identify(src/hanium) by extension 'colcon_pkg'
[0.116s] Level 1:colcon.colcon_core.package_identification:_identify(src/hanium) by extensions ['colcon_meta']
[0.116s] Level 1:colcon.colcon_core.package_identification:_identify(src/hanium) by extension 'colcon_meta'
[0.116s] Level 1:colcon.colcon_core.package_identification:_identify(src/hanium) by extensions ['ros']
[0.116s] Level 1:colcon.colcon_core.package_identification:_identify(src/hanium) by extension 'ros'
[0.116s] DEBUG:colcon.colcon_core.package_identification:Package 'src/hanium' with type 'ros.ament_cmake' and name 'hanium'
[0.116s] Level 1:colcon.colcon_core.package_discovery:discover_packages(recursive) using defaults
[0.116s] Level 1:colcon.colcon_core.package_discovery:discover_packages(ignore) discover
[0.116s] Level 1:colcon.colcon_core.package_discovery:discover_packages(ignore) using defaults
[0.116s] Level 1:colcon.colcon_core.package_discovery:discover_packages(path) discover
[0.116s] Level 1:colcon.colcon_core.package_discovery:discover_packages(path) using defaults
[0.128s] Level 1:colcon.colcon_core.package_discovery:discover_packages(prefix_path) check parameters
[0.128s] Level 1:colcon.colcon_core.package_discovery:discover_packages(prefix_path) discover
[0.129s] DEBUG:colcon.colcon_installed_package_information.package_discovery:Found 2 installed packages in /home/song/ros2_ws/install
[0.130s] DEBUG:colcon.colcon_installed_package_information.package_discovery:Found 319 installed packages in /opt/ros/jazzy
[0.132s] Level 1:colcon.colcon_core.package_discovery:discover_packages(prefix_path) using defaults
[0.158s] Level 5:colcon.colcon_core.verb:set package 'balancing_robot' build argument 'cmake_args' from command line to 'None'
[0.158s] Level 5:colcon.colcon_core.verb:set package 'balancing_robot' build argument 'cmake_target' from command line to 'None'
[0.158s] Level 5:colcon.colcon_core.verb:set package 'balancing_robot' build argument 'cmake_target_skip_unavailable' from command line to 'False'
[0.158s] Level 5:colcon.colcon_core.verb:set package 'balancing_robot' build argument 'cmake_clean_cache' from command line to 'False'
[0.158s] Level 5:colcon.colcon_core.verb:set package 'balancing_robot' build argument 'cmake_clean_first' from command line to 'False'
[0.158s] Level 5:colcon.colcon_core.verb:set package 'balancing_robot' build argument 'cmake_force_configure' from command line to 'False'
[0.158s] Level 5:colcon.colcon_core.verb:set package 'balancing_robot' build argument 'ament_cmake_args' from command line to 'None'
[0.158s] Level 5:colcon.colcon_core.verb:set package 'balancing_robot' build argument 'catkin_cmake_args' from command line to 'None'
[0.158s] Level 5:colcon.colcon_core.verb:set package 'balancing_robot' build argument 'catkin_skip_building_tests' from command line to 'False'
[0.158s] DEBUG:colcon.colcon_core.verb:Building package 'balancing_robot' with the following arguments: {'ament_cmake_args': None, 'build_base': '/home/song/ros2_ws/build/balancing_robot', 'catkin_cmake_args': None, 'catkin_skip_building_tests': False, 'cmake_args': None, 'cmake_clean_cache': False, 'cmake_clean_first': False, 'cmake_force_configure': False, 'cmake_target': None, 'cmake_target_skip_unavailable': False, 'install_base': '/home/song/ros2_ws/install/balancing_robot', 'merge_install': False, 'path': '/home/song/ros2_ws/src/balancing_robot', 'symlink_install': False, 'test_result_base': None}
[0.158s] Level 5:colcon.colcon_core.verb:set package 'hanium' build argument 'cmake_args' from command line to 'None'
[0.158s] Level 5:colcon.colcon_core.verb:set package 'hanium' build argument 'cmake_target' from command line to 'None'
[0.158s] Level 5:colcon.colcon_core.verb:set package 'hanium' build argument 'cmake_target_skip_unavailable' from command line to 'False'
[0.158s] Level 5:colcon.colcon_core.verb:set package 'hanium' build argument 'cmake_clean_cache' from command line to 'False'
[0.158s] Level 5:colcon.colcon_core.verb:set package 'hanium' build argument 'cmake_clean_first' from command line to 'False'
[0.158s] Level 5:colcon.colcon_core.verb:set package 'hanium' build argument 'cmake_force_configure' from command line to 'False'
[0.158s] Level 5:colcon.colcon_core.verb:set package 'hanium' build argument 'ament_cmake_args' from command line to 'None'
[0.158s] Level 5:colcon.colcon_core.verb:set package 'hanium' build argument 'catkin_cmake_args' from command line to 'None'
[0.158s] Level 5:colcon.colcon_core.verb:set package 'hanium' build argument 'catkin_skip_building_tests' from command line to 'False'
[0.158s] DEBUG:colcon.colcon_core.verb:Building package 'hanium' with the following arguments: {'ament_cmake_args': None, 'build_base': '/home/song/ros2_ws/build/hanium', 'catkin_cmake_args': None, 'catkin_skip_building_tests': False, 'cmake_args': None, 'cmake_clean_cache': False, 'cmake_clean_first': False, 'cmake_force_configure': False, 'cmake_target': None, 'cmake_target_skip_unavailable': False, 'install_base': '/home/song/ros2_ws/install/hanium', 'merge_install': False, 'path': '/home/song/ros2_ws/src/hanium', 'symlink_install': False, 'test_result_base': None}
[0.158s] INFO:colcon.colcon_core.executor:Executing jobs using 'parallel' executor
[0.159s] DEBUG:colcon.colcon_parallel_executor.executor.parallel:run_until_complete
[0.159s] INFO:colcon.colcon_ros.task.ament_cmake.build:Building ROS package in '/home/song/ros2_ws/src/balancing_robot' with build type 'ament_cmake'
[0.159s] INFO:colcon.colcon_cmake.task.cmake.build:Building CMake package in '/home/song/ros2_ws/src/balancing_robot'
[0.161s] INFO:colcon.colcon_core.plugin_system:Skipping extension 'colcon_core.shell.bat': Not used on non-Windows systems
[0.161s] INFO:colcon.colcon_core.shell:Skip shell extension 'powershell' for command environment: Not usable outside of PowerShell
[0.161s] DEBUG:colcon.colcon_core.shell:Skip shell extension 'dsv' for command environment
[0.164s] INFO:colcon.colcon_ros.task.ament_cmake.build:Building ROS package in '/home/song/ros2_ws/src/hanium' with build type 'ament_cmake'
[0.164s] INFO:colcon.colcon_cmake.task.cmake.build:Building CMake package in '/home/song/ros2_ws/src/hanium'
[0.164s] INFO:colcon.colcon_core.shell:Skip shell extension 'powershell' for command environment: Not usable outside of PowerShell
[0.164s] DEBUG:colcon.colcon_core.shell:Skip shell extension 'dsv' for command environment
[0.170s] DEBUG:colcon.colcon_core.event_handler.log_command:Invoking command in '/home/song/ros2_ws/build/balancing_robot': CMAKE_PREFIX_PATH=${CMAKE_PREFIX_PATH}:/opt/ros/jazzy DEBUGINFOD_URLS=https://debuginfod.ubuntu.com /usr/bin/cmake --build /home/song/ros2_ws/build/balancing_robot -- -j12 -l12
[0.172s] DEBUG:colcon.colcon_core.event_handler.log_command:Invoking command in '/home/song/ros2_ws/build/hanium': CMAKE_PREFIX_PATH=${CMAKE_PREFIX_PATH}:/opt/ros/jazzy DEBUGINFOD_URLS=https://debuginfod.ubuntu.com /usr/bin/cmake --build /home/song/ros2_ws/build/hanium -- -j12 -l12
[0.208s] DEBUG:colcon.colcon_core.event_handler.log_command:Invoked command in '/home/song/ros2_ws/build/balancing_robot' returned '0': CMAKE_PREFIX_PATH=${CMAKE_PREFIX_PATH}:/opt/ros/jazzy DEBUGINFOD_URLS=https://debuginfod.ubuntu.com /usr/bin/cmake --build /home/song/ros2_ws/build/balancing_robot -- -j12 -l12
[0.218s] DEBUG:colcon.colcon_core.event_handler.log_command:Invoking command in '/home/song/ros2_ws/build/balancing_robot': CMAKE_PREFIX_PATH=${CMAKE_PREFIX_PATH}:/opt/ros/jazzy DEBUGINFOD_URLS=https://debuginfod.ubuntu.com /usr/bin/cmake --install /home/song/ros2_ws/build/balancing_robot
[0.218s] DEBUG:colcon.colcon_core.event_handler.log_command:Invoked command in '/home/song/ros2_ws/build/hanium' returned '0': CMAKE_PREFIX_PATH=${CMAKE_PREFIX_PATH}:/opt/ros/jazzy DEBUGINFOD_URLS=https://debuginfod.ubuntu.com /usr/bin/cmake --build /home/song/ros2_ws/build/hanium -- -j12 -l12
[0.219s] DEBUG:colcon.colcon_core.event_handler.log_command:Invoking command in '/home/song/ros2_ws/build/hanium': CMAKE_PREFIX_PATH=${CMAKE_PREFIX_PATH}:/opt/ros/jazzy DEBUGINFOD_URLS=https://debuginfod.ubuntu.com /usr/bin/cmake --install /home/song/ros2_ws/build/hanium
[0.228s] Level 1:colcon.colcon_core.environment:create_environment_scripts_only(balancing_robot)
[0.229s] DEBUG:colcon.colcon_core.event_handler.log_command:Invoked command in '/home/song/ros2_ws/build/balancing_robot' returned '0': CMAKE_PREFIX_PATH=${CMAKE_PREFIX_PATH}:/opt/ros/jazzy DEBUGINFOD_URLS=https://debuginfod.ubuntu.com /usr/bin/cmake --install /home/song/ros2_ws/build/balancing_robot
[0.231s] Level 1:colcon.colcon_core.environment:checking '/home/song/ros2_ws/install/balancing_robot' for CMake module files
[0.231s] Level 1:colcon.colcon_core.environment:checking '/home/song/ros2_ws/install/balancing_robot' for CMake config files
[0.231s] Level 1:colcon.colcon_core.shell:create_environment_hook('balancing_robot', 'cmake_prefix_path')
[0.231s] INFO:colcon.colcon_core.shell:Creating environment hook '/home/song/ros2_ws/install/balancing_robot/share/balancing_robot/hook/cmake_prefix_path.ps1'
[0.232s] INFO:colcon.colcon_core.shell:Creating environment descriptor '/home/song/ros2_ws/install/balancing_robot/share/balancing_robot/hook/cmake_prefix_path.dsv'
[0.232s] INFO:colcon.colcon_core.shell:Creating environment hook '/home/song/ros2_ws/install/balancing_robot/share/balancing_robot/hook/cmake_prefix_path.sh'
[0.233s] Level 1:colcon.colcon_core.environment:checking '/home/song/ros2_ws/install/balancing_robot/bin'
[0.233s] Level 1:colcon.colcon_core.environment:checking '/home/song/ros2_ws/install/balancing_robot/lib/pkgconfig/balancing_robot.pc'
[0.233s] Level 1:colcon.colcon_core.environment:checking '/home/song/ros2_ws/install/balancing_robot/lib/python3.12/site-packages'
[0.233s] Level 1:colcon.colcon_core.environment:checking '/home/song/ros2_ws/install/balancing_robot/bin'
[0.233s] INFO:colcon.colcon_core.shell:Creating package script '/home/song/ros2_ws/install/balancing_robot/share/balancing_robot/package.ps1'
[0.234s] INFO:colcon.colcon_core.shell:Creating package descriptor '/home/song/ros2_ws/install/balancing_robot/share/balancing_robot/package.dsv'
[0.234s] INFO:colcon.colcon_core.shell:Creating package script '/home/song/ros2_ws/install/balancing_robot/share/balancing_robot/package.sh'
[0.234s] INFO:colcon.colcon_core.shell:Creating package script '/home/song/ros2_ws/install/balancing_robot/share/balancing_robot/package.bash'
[0.235s] INFO:colcon.colcon_core.shell:Creating package script '/home/song/ros2_ws/install/balancing_robot/share/balancing_robot/package.zsh'
[0.235s] Level 1:colcon.colcon_core.environment:create_file_with_runtime_dependencies(/home/song/ros2_ws/install/balancing_robot/share/colcon-core/packages/balancing_robot)
[0.235s] Level 1:colcon.colcon_core.environment:create_environment_scripts_only(balancing_robot)
[0.236s] Level 1:colcon.colcon_core.environment:checking '/home/song/ros2_ws/install/balancing_robot' for CMake module files
[0.236s] Level 1:colcon.colcon_core.environment:checking '/home/song/ros2_ws/install/balancing_robot' for CMake config files
[0.236s] Level 1:colcon.colcon_core.shell:create_environment_hook('balancing_robot', 'cmake_prefix_path')
[0.236s] INFO:colcon.colcon_core.shell:Creating environment hook '/home/song/ros2_ws/install/balancing_robot/share/balancing_robot/hook/cmake_prefix_path.ps1'
[0.236s] INFO:colcon.colcon_core.shell:Creating environment descriptor '/home/song/ros2_ws/install/balancing_robot/share/balancing_robot/hook/cmake_prefix_path.dsv'
[0.236s] INFO:colcon.colcon_core.shell:Creating environment hook '/home/song/ros2_ws/install/balancing_robot/share/balancing_robot/hook/cmake_prefix_path.sh'
[0.237s] Level 1:colcon.colcon_core.environment:checking '/home/song/ros2_ws/install/balancing_robot/bin'
[0.237s] Level 1:colcon.colcon_core.environment:checking '/home/song/ros2_ws/install/balancing_robot/lib/pkgconfig/balancing_robot.pc'
[0.237s] Level 1:colcon.colcon_core.environment:checking '/home/song/ros2_ws/install/balancing_robot/lib/python3.12/site-packages'
[0.237s] Level 1:colcon.colcon_core.environment:checking '/home/song/ros2_ws/install/balancing_robot/bin'
[0.237s] INFO:colcon.colcon_core.shell:Creating package script '/home/song/ros2_ws/install/balancing_robot/share/balancing_robot/package.ps1'
[0.238s] INFO:colcon.colcon_core.shell:Creating package descriptor '/home/song/ros2_ws/install/balancing_robot/share/balancing_robot/package.dsv'
[0.238s] INFO:colcon.colcon_core.shell:Creating package script '/home/song/ros2_ws/install/balancing_robot/share/balancing_robot/package.sh'
[0.238s] INFO:colcon.colcon_core.shell:Creating package script '/home/song/ros2_ws/install/balancing_robot/share/balancing_robot/package.bash'
[0.238s] INFO:colcon.colcon_core.shell:Creating package script '/home/song/ros2_ws/install/balancing_robot/share/balancing_robot/package.zsh'
[0.239s] Level 1:colcon.colcon_core.environment:create_file_with_runtime_dependencies(/home/song/ros2_ws/install/balancing_robot/share/colcon-core/packages/balancing_robot)
[0.239s] Level 1:colcon.colcon_core.environment:create_environment_scripts_only(hanium)
[0.239s] Level 1:colcon.colcon_core.environment:checking '/home/song/ros2_ws/install/hanium' for CMake module files
[0.240s] DEBUG:colcon.colcon_core.event_handler.log_command:Invoked command in '/home/song/ros2_ws/build/hanium' returned '0': CMAKE_PREFIX_PATH=${CMAKE_PREFIX_PATH}:/opt/ros/jazzy DEBUGINFOD_URLS=https://debuginfod.ubuntu.com /usr/bin/cmake --install /home/song/ros2_ws/build/hanium
[0.240s] Level 1:colcon.colcon_core.environment:checking '/home/song/ros2_ws/install/hanium' for CMake config files
[0.240s] Level 1:colcon.colcon_core.shell:create_environment_hook('hanium', 'cmake_prefix_path')
[0.240s] INFO:colcon.colcon_core.shell:Creating environment hook '/home/song/ros2_ws/install/hanium/share/hanium/hook/cmake_prefix_path.ps1'
[0.240s] INFO:colcon.colcon_core.shell:Creating environment descriptor '/home/song/ros2_ws/install/hanium/share/hanium/hook/cmake_prefix_path.dsv'
[0.240s] INFO:colcon.colcon_core.shell:Creating environment hook '/home/song/ros2_ws/install/hanium/share/hanium/hook/cmake_prefix_path.sh'
[0.241s] Level 1:colcon.colcon_core.environment:checking '/home/song/ros2_ws/install/hanium/bin'
[0.241s] Level 1:colcon.colcon_core.environment:checking '/home/song/ros2_ws/install/hanium/lib/pkgconfig/hanium.pc'
[0.241s] Level 1:colcon.colcon_core.environment:checking '/home/song/ros2_ws/install/hanium/lib/python3.12/site-packages'
[0.241s] Level 1:colcon.colcon_core.environment:checking '/home/song/ros2_ws/install/hanium/bin'
[0.241s] INFO:colcon.colcon_core.shell:Creating package script '/home/song/ros2_ws/install/hanium/share/hanium/package.ps1'
[0.242s] INFO:colcon.colcon_core.shell:Creating package descriptor '/home/song/ros2_ws/install/hanium/share/hanium/package.dsv'
[0.242s] INFO:colcon.colcon_core.shell:Creating package script '/home/song/ros2_ws/install/hanium/share/hanium/package.sh'
[0.242s] INFO:colcon.colcon_core.shell:Creating package script '/home/song/ros2_ws/install/hanium/share/hanium/package.bash'
[0.242s] INFO:colcon.colcon_core.shell:Creating package script '/home/song/ros2_ws/install/hanium/share/hanium/package.zsh'
[0.242s] Level 1:colcon.colcon_core.environment:create_file_with_runtime_dependencies(/home/song/ros2_ws/install/hanium/share/colcon-core/packages/hanium)
[0.243s] Level 1:colcon.colcon_core.environment:create_environment_scripts_only(hanium)
[0.243s] Level 1:colcon.colcon_core.environment:checking '/home/song/ros2_ws/install/hanium' for CMake module files
[0.243s] Level 1:colcon.colcon_core.environment:checking '/home/song/ros2_ws/install/hanium' for CMake config files
[0.243s] Level 1:colcon.colcon_core.shell:create_environment_hook('hanium', 'cmake_prefix_path')
[0.243s] INFO:colcon.colcon_core.shell:Creating environment hook '/home/song/ros2_ws/install/hanium/share/hanium/hook/cmake_prefix_path.ps1'
[0.243s] INFO:colcon.colcon_core.shell:Creating environment descriptor '/home/song/ros2_ws/install/hanium/share/hanium/hook/cmake_prefix_path.dsv'
[0.243s] INFO:colcon.colcon_core.shell:Creating environment hook '/home/song/ros2_ws/install/hanium/share/hanium/hook/cmake_prefix_path.sh'
[0.244s] Level 1:colcon.colcon_core.environment:checking '/home/song/ros2_ws/install/hanium/bin'
[0.244s] Level 1:colcon.colcon_core.environment:checking '/home/song/ros2_ws/install/hanium/lib/pkgconfig/hanium.pc'
[0.244s] Level 1:colcon.colcon_core.environment:checking '/home/song/ros2_ws/install/hanium/lib/python3.12/site-packages'
[0.244s] Level 1:colcon.colcon_core.environment:checking '/home/song/ros2_ws/install/hanium/bin'
[0.244s] INFO:colcon.colcon_core.shell:Creating package script '/home/song/ros2_ws/install/hanium/share/hanium/package.ps1'
[0.245s] INFO:colcon.colcon_core.shell:Creating package descriptor '/home/song/ros2_ws/install/hanium/share/hanium/package.dsv'
[0.245s] INFO:colcon.colcon_core.shell:Creating package script '/home/song/ros2_ws/install/hanium/share/hanium/package.sh'
[0.245s] INFO:colcon.colcon_core.shell:Creating package script '/home/song/ros2_ws/install/hanium/share/hanium/package.bash'
[0.245s] INFO:colcon.colcon_core.shell:Creating package script '/home/song/ros2_ws/install/hanium/share/hanium/package.zsh'
[0.246s] Level 1:colcon.colcon_core.environment:create_file_with_runtime_dependencies(/home/song/ros2_ws/install/hanium/share/colcon-core/packages/hanium)
[0.246s] DEBUG:colcon.colcon_parallel_executor.executor.parallel:closing loop
[0.246s] DEBUG:colcon.colcon_parallel_executor.executor.parallel:loop closed
[0.246s] DEBUG:colcon.colcon_parallel_executor.executor.parallel:run_until_complete finished with '0'
[0.246s] DEBUG:colcon.colcon_core.event_reactor:joining thread
[0.250s] INFO:colcon.colcon_core.plugin_system:Skipping extension 'colcon_notification.desktop_notification.terminal_notifier': Not used on non-Darwin systems
[0.250s] INFO:colcon.colcon_core.plugin_system:Skipping extension 'colcon_notification.desktop_notification.win32': Not used on non-Windows systems
[0.250s] INFO:colcon.colcon_notification.desktop_notification:Sending desktop notification using 'notify2'
[0.261s] DEBUG:colcon.colcon_core.event_reactor:joined thread
[0.261s] INFO:colcon.colcon_core.shell:Creating prefix script '/home/song/ros2_ws/install/local_setup.ps1'
[0.262s] INFO:colcon.colcon_core.shell:Creating prefix util module '/home/song/ros2_ws/install/_local_setup_util_ps1.py'
[0.262s] INFO:colcon.colcon_core.shell:Creating prefix chain script '/home/song/ros2_ws/install/setup.ps1'
[0.263s] INFO:colcon.colcon_core.shell:Creating prefix script '/home/song/ros2_ws/install/local_setup.sh'
[0.263s] INFO:colcon.colcon_core.shell:Creating prefix util module '/home/song/ros2_ws/install/_local_setup_util_sh.py'
[0.264s] INFO:colcon.colcon_core.shell:Creating prefix chain script '/home/song/ros2_ws/install/setup.sh'
[0.264s] INFO:colcon.colcon_core.shell:Creating prefix script '/home/song/ros2_ws/install/local_setup.bash'
[0.265s] INFO:colcon.colcon_core.shell:Creating prefix chain script '/home/song/ros2_ws/install/setup.bash'
[0.265s] INFO:colcon.colcon_core.shell:Creating prefix script '/home/song/ros2_ws/install/local_setup.zsh'
[0.266s] INFO:colcon.colcon_core.shell:Creating prefix chain script '/home/song/ros2_ws/install/setup.zsh'
