[0.007s] Invoking command in '/home/song/ros2_ws/build/hanium_enu': CMAKE_PREFIX_PATH=${CMAKE_PREFIX_PATH}:/opt/ros/jazzy DEBUGINFOD_URLS=https://debuginfod.ubuntu.com /usr/bin/cmake --build /home/song/ros2_ws/build/hanium_enu -- -j12 -l12
[0.049s] Invoked command in '/home/song/ros2_ws/build/hanium_enu' returned '0': CMAKE_PREFIX_PATH=${CMAKE_PREFIX_PATH}:/opt/ros/jazzy DEBUGINFOD_URLS=https://debuginfod.ubuntu.com /usr/bin/cmake --build /home/song/ros2_ws/build/hanium_enu -- -j12 -l12
[0.049s] Invoking command in '/home/song/ros2_ws/build/hanium_enu': CMAKE_PREFIX_PATH=${CMAKE_PREFIX_PATH}:/opt/ros/jazzy DEBUGINFOD_URLS=https://debuginfod.ubuntu.com /usr/bin/cmake --install /home/song/ros2_ws/build/hanium_enu
[0.055s] -- Install configuration: ""
[0.055s] -- Up-to-date: /home/song/ros2_ws/install/hanium_enu/share/hanium_enu/urdf
[0.055s] -- Up-to-date: /home/song/ros2_ws/install/hanium_enu/share/hanium_enu/urdf/balancing_robot_urdf.urdf
[0.055s] -- Up-to-date: /home/song/ros2_ws/install/hanium_enu/share/hanium_enu/balancing_robot_mesh
[0.055s] -- Up-to-date: /home/song/ros2_ws/install/hanium_enu/share/hanium_enu/balancing_robot_mesh/c_3_robot_export_clean__rx28_disc_1.stl
[0.055s] -- Up-to-date: /home/song/ros2_ws/install/hanium_enu/share/hanium_enu/balancing_robot_mesh/body_rear_1.stl
[0.055s] -- Up-to-date: /home/song/ros2_ws/install/hanium_enu/share/hanium_enu/balancing_robot_mesh/battery_1.stl
[0.055s] -- Up-to-date: /home/song/ros2_ws/install/hanium_enu/share/hanium_enu/balancing_robot_mesh/c_3_robot_export_clean__body_knee_bracket_v2_1.dae
[0.055s] -- Up-to-date: /home/song/ros2_ws/install/hanium_enu/share/hanium_enu/balancing_robot_mesh/c_3_robot_export_clean__wheel_tire_1.dae
[0.055s] -- Up-to-date: /home/song/ros2_ws/install/hanium_enu/share/hanium_enu/balancing_robot_mesh/antenna_base_1.stl
[0.055s] -- Up-to-date: /home/song/ros2_ws/install/hanium_enu/share/hanium_enu/balancing_robot_mesh/antenna_base_1.dae
[0.055s] -- Up-to-date: /home/song/ros2_ws/install/hanium_enu/share/hanium_enu/balancing_robot_mesh/c_3_robot_export_clean__GM4108Motor_AS5048AEncoder_simplified_1.stl
[0.055s] -- Up-to-date: /home/song/ros2_ws/install/hanium_enu/share/hanium_enu/balancing_robot_mesh/c_3_robot_export_clean__motor_wheel_adapter_1.dae
[0.056s] -- Up-to-date: /home/song/ros2_ws/install/hanium_enu/share/hanium_enu/balancing_robot_mesh/imu_sensor_1.stl
[0.056s] -- Up-to-date: /home/song/ros2_ws/install/hanium_enu/share/hanium_enu/balancing_robot_mesh/body_front_1_1.dae
[0.056s] -- Up-to-date: /home/song/ros2_ws/install/hanium_enu/share/hanium_enu/balancing_robot_mesh/YDLidar_G2_1.dae
[0.056s] -- Up-to-date: /home/song/ros2_ws/install/hanium_enu/share/hanium_enu/balancing_robot_mesh/antenna_cover_1.dae
[0.056s] -- Up-to-date: /home/song/ros2_ws/install/hanium_enu/share/hanium_enu/balancing_robot_mesh/c_3_robot_export_clean__wheel_tire_1.stl
[0.056s] -- Up-to-date: /home/song/ros2_ws/install/hanium_enu/share/hanium_enu/balancing_robot_mesh/body_side_1.stl
[0.056s] -- Up-to-date: /home/song/ros2_ws/install/hanium_enu/share/hanium_enu/balancing_robot_mesh/c_3_robot_export_clean__RX_28_1.dae
[0.056s] -- Up-to-date: /home/song/ros2_ws/install/hanium_enu/share/hanium_enu/balancing_robot_mesh/c_3_robot_export_clean__FP04_F2_1.dae
[0.056s] -- Up-to-date: /home/song/ros2_ws/install/hanium_enu/share/hanium_enu/balancing_robot_mesh/c_3_robot_export_clean__rx28_disc_1_2.stl
[0.056s] -- Up-to-date: /home/song/ros2_ws/install/hanium_enu/share/hanium_enu/balancing_robot_mesh/c_3_robot_export_clean__motor_wheel_adapter_1.stl
[0.056s] -- Up-to-date: /home/song/ros2_ws/install/hanium_enu/share/hanium_enu/balancing_robot_mesh/c_3_robot_export_clean__FP04_F2_1.stl
[0.056s] -- Up-to-date: /home/song/ros2_ws/install/hanium_enu/share/hanium_enu/balancing_robot_mesh/body_side_1.dae
[0.056s] -- Up-to-date: /home/song/ros2_ws/install/hanium_enu/share/hanium_enu/balancing_robot_mesh/YDLidar_G2_1.stl
[0.056s] -- Up-to-date: /home/song/ros2_ws/install/hanium_enu/share/hanium_enu/balancing_robot_mesh/c_3_robot_export_clean__rx28_disc_1_3.stl
[0.056s] -- Up-to-date: /home/song/ros2_ws/install/hanium_enu/share/hanium_enu/balancing_robot_mesh/c_3_robot_export_clean__body_knee_bracket_v2_1.stl
[0.056s] -- Up-to-date: /home/song/ros2_ws/install/hanium_enu/share/hanium_enu/balancing_robot_mesh/antenna_cover_1.stl
[0.056s] -- Up-to-date: /home/song/ros2_ws/install/hanium_enu/share/hanium_enu/balancing_robot_mesh/body_side_1_2.stl
[0.056s] -- Up-to-date: /home/song/ros2_ws/install/hanium_enu/share/hanium_enu/balancing_robot_mesh/c_3_robot_export_clean__rx28_mount_1.dae
[0.056s] -- Up-to-date: /home/song/ros2_ws/install/hanium_enu/share/hanium_enu/balancing_robot_mesh/c_3_robot_export_clean__motor_wheel_adapter_1_2.stl
[0.056s] -- Up-to-date: /home/song/ros2_ws/install/hanium_enu/share/hanium_enu/balancing_robot_mesh/c_3_robot_export_clean__motor_wheel_adapter_1_2.dae
[0.056s] -- Up-to-date: /home/song/ros2_ws/install/hanium_enu/share/hanium_enu/balancing_robot_mesh/c_3_robot_export_clean__knee_motor_bracket_1.stl
[0.056s] -- Up-to-date: /home/song/ros2_ws/install/hanium_enu/share/hanium_enu/balancing_robot_mesh/c_3_robot_export_clean__rx28_disc_1.dae
[0.056s] -- Up-to-date: /home/song/ros2_ws/install/hanium_enu/share/hanium_enu/balancing_robot_mesh/battery_1.dae
[0.056s] -- Up-to-date: /home/song/ros2_ws/install/hanium_enu/share/hanium_enu/balancing_robot_mesh/c_3_robot_export_clean__rx28_disc_1_4.dae
[0.056s] -- Up-to-date: /home/song/ros2_ws/install/hanium_enu/share/hanium_enu/balancing_robot_mesh/c_3_robot_export_clean__GM4108Motor_AS5048AEncoder_simplified_1.dae
[0.057s] -- Up-to-date: /home/song/ros2_ws/install/hanium_enu/share/hanium_enu/balancing_robot_mesh/body_front_1_1.stl
[0.057s] -- Up-to-date: /home/song/ros2_ws/install/hanium_enu/share/hanium_enu/balancing_robot_mesh/body_rear_1.dae
[0.057s] -- Up-to-date: /home/song/ros2_ws/install/hanium_enu/share/hanium_enu/balancing_robot_mesh/body_bottom_1.dae
[0.057s] -- Up-to-date: /home/song/ros2_ws/install/hanium_enu/share/hanium_enu/balancing_robot_mesh/c_3_robot_export_clean__rx28_disc_1_3.dae
[0.057s] -- Up-to-date: /home/song/ros2_ws/install/hanium_enu/share/hanium_enu/balancing_robot_mesh/c_3_robot_export_clean__knee_motor_bracket_1.dae
[0.057s] -- Up-to-date: /home/song/ros2_ws/install/hanium_enu/share/hanium_enu/balancing_robot_mesh/imu_sensor_1.dae
[0.057s] -- Up-to-date: /home/song/ros2_ws/install/hanium_enu/share/hanium_enu/balancing_robot_mesh/c_3_robot_export_clean__rx28_mount_1.stl
[0.057s] -- Up-to-date: /home/song/ros2_ws/install/hanium_enu/share/hanium_enu/balancing_robot_mesh/body_side_1_2.dae
[0.057s] -- Up-to-date: /home/song/ros2_ws/install/hanium_enu/share/hanium_enu/balancing_robot_mesh/c_3_robot_export_clean__rx28_disc_1_2.dae
[0.057s] -- Up-to-date: /home/song/ros2_ws/install/hanium_enu/share/hanium_enu/balancing_robot_mesh/body_bottom_1.stl
[0.057s] -- Up-to-date: /home/song/ros2_ws/install/hanium_enu/share/hanium_enu/balancing_robot_mesh/c_3_robot_export_clean__RX_28_1.stl
[0.057s] -- Up-to-date: /home/song/ros2_ws/install/hanium_enu/share/hanium_enu/balancing_robot_mesh/c_3_robot_export_clean__rx28_disc_1_4.stl
[0.057s] -- Up-to-date: /home/song/ros2_ws/install/hanium_enu/share/hanium_enu/launch
[0.057s] -- Up-to-date: /home/song/ros2_ws/install/hanium_enu/share/hanium_enu/launch/display.launch.py
[0.057s] -- Up-to-date: /home/song/ros2_ws/install/hanium_enu/share/hanium_enu/rviz
[0.057s] -- Up-to-date: /home/song/ros2_ws/install/hanium_enu/share/hanium_enu/rviz/balancing_robot_urdf.rviz
[0.057s] -- Up-to-date: /home/song/ros2_ws/install/hanium_enu/share/ament_index/resource_index/package_run_dependencies/hanium_enu
[0.057s] -- Up-to-date: /home/song/ros2_ws/install/hanium_enu/share/ament_index/resource_index/parent_prefix_path/hanium_enu
[0.057s] -- Up-to-date: /home/song/ros2_ws/install/hanium_enu/share/hanium_enu/environment/ament_prefix_path.sh
[0.057s] -- Up-to-date: /home/song/ros2_ws/install/hanium_enu/share/hanium_enu/environment/ament_prefix_path.dsv
[0.057s] -- Up-to-date: /home/song/ros2_ws/install/hanium_enu/share/hanium_enu/environment/path.sh
[0.057s] -- Up-to-date: /home/song/ros2_ws/install/hanium_enu/share/hanium_enu/environment/path.dsv
[0.057s] -- Up-to-date: /home/song/ros2_ws/install/hanium_enu/share/hanium_enu/local_setup.bash
[0.057s] -- Up-to-date: /home/song/ros2_ws/install/hanium_enu/share/hanium_enu/local_setup.sh
[0.057s] -- Up-to-date: /home/song/ros2_ws/install/hanium_enu/share/hanium_enu/local_setup.zsh
[0.057s] -- Up-to-date: /home/song/ros2_ws/install/hanium_enu/share/hanium_enu/local_setup.dsv
[0.057s] -- Installing: /home/song/ros2_ws/install/hanium_enu/share/hanium_enu/package.dsv
[0.057s] -- Up-to-date: /home/song/ros2_ws/install/hanium_enu/share/ament_index/resource_index/packages/hanium_enu
[0.058s] -- Up-to-date: /home/song/ros2_ws/install/hanium_enu/share/hanium_enu/cmake/hanium_enuConfig.cmake
[0.058s] -- Up-to-date: /home/song/ros2_ws/install/hanium_enu/share/hanium_enu/cmake/hanium_enuConfig-version.cmake
[0.058s] -- Up-to-date: /home/song/ros2_ws/install/hanium_enu/share/hanium_enu/package.xml
[0.067s] Invoked command in '/home/song/ros2_ws/build/hanium_enu' returned '0': CMAKE_PREFIX_PATH=${CMAKE_PREFIX_PATH}:/opt/ros/jazzy DEBUGINFOD_URLS=https://debuginfod.ubuntu.com /usr/bin/cmake --install /home/song/ros2_ws/build/hanium_enu
