-- The C compiler identification is GNU 13.3.0
-- The CXX compiler identification is GNU 13.3.0
-- Detecting C compiler ABI info
-- Detecting C compiler ABI info - done
-- Check for working C compiler: /usr/bin/cc - skipped
-- Detecting C compile features
-- Detecting C compile features - done
-- Detecting CXX compiler ABI info
-- Detecting CXX compiler ABI info - done
-- Check for working CXX compiler: /usr/bin/c++ - skipped
-- Detecting CXX compile features
-- Detecting CXX compile features - done
-- Found ament_cmake: 2.5.6 (/opt/ros/jazzy/share/ament_cmake/cmake)
-- Found Python3: /usr/bin/python3 (found version "3.12.3") found components: Interpreter 
-- Configuring done (1.3s)
-- Generating done (0.0s)
-- Build files have been written to: /home/song/ros2_ws/build/hanium_enu
-- Install configuration: ""
-- Installing: /home/song/ros2_ws/install/hanium_enu/share/hanium_enu/urdf
[31mCMake Error at cmake_install.cmake:46 (file):
  file INSTALL cannot find "/home/song/ros2_ws/src/hanium_enu/meshes": No
  such file or directory.

[0m
-- Installing: /home/song/ros2_ws/install/hanium_enu/share/hanium_enu/urdf/balancing_robot_urdf.urdf
