[0.068s] DEBUG:colcon:Command line arguments: ['/usr/bin/colcon', 'build']
[0.068s] DEBUG:colcon:Parsed command line arguments: Namespace(log_base=None, log_level=None, verb_name='build', build_base='build', install_base='install', merge_install=False, symlink_install=False, test_result_base=None, continue_on_error=False, executor='parallel', parallel_workers=12, event_handlers=None, ignore_user_meta=False, metas=['./colcon.meta'], base_paths=['.'], packages_ignore=None, packages_ignore_regex=None, paths=None, packages_up_to=None, packages_up_to_regex=None, packages_above=None, packages_above_and_dependencies=None, packages_above_depth=None, packages_select_by_dep=None, packages_skip_by_dep=None, packages_skip_up_to=None, packages_select_build_failed=False, packages_skip_build_finished=False, packages_select_test_failures=False, packages_skip_test_passed=False, packages_select=None, packages_skip=None, packages_select_regex=None, packages_skip_regex=None, packages_start=None, packages_end=None, allow_overriding=[], cmake_args=None, cmake_target=None, cmake_target_skip_unavailable=False, cmake_clean_cache=False, cmake_clean_first=False, cmake_force_configure=False, ament_cmake_args=None, catkin_cmake_args=None, catkin_skip_building_tests=False, mixin_files=None, mixin=None, verb_parser=<colcon_mixin.mixin.mixin_argument.MixinArgumentDecorator object at 0x7f22e6f992b0>, verb_extension=<colcon_core.verb.build.BuildVerb object at 0x7f22e6f98f20>, main=<bound method BuildVerb.main of <colcon_core.verb.build.BuildVerb object at 0x7f22e6f98f20>>, mixin_verb=('build',))
[0.093s] Level 1:colcon.colcon_core.package_discovery:discover_packages(colcon_meta) check parameters
[0.093s] Level 1:colcon.colcon_core.package_discovery:discover_packages(recursive) check parameters
[0.093s] Level 1:colcon.colcon_core.package_discovery:discover_packages(ignore) check parameters
[0.093s] Level 1:colcon.colcon_core.package_discovery:discover_packages(path) check parameters
[0.093s] Level 1:colcon.colcon_core.package_discovery:discover_packages(colcon_meta) discover
[0.093s] Level 1:colcon.colcon_core.package_discovery:discover_packages(recursive) discover
[0.093s] INFO:colcon.colcon_core.package_discovery:Crawling recursively for packages in '/home/song/ros2_ws'
[0.093s] Level 1:colcon.colcon_core.package_identification:_identify(.) by extensions ['ignore', 'ignore_ament_install']
[0.093s] Level 1:colcon.colcon_core.package_identification:_identify(.) by extension 'ignore'
[0.094s] Level 1:colcon.colcon_core.package_identification:_identify(.) by extension 'ignore_ament_install'
[0.094s] Level 1:colcon.colcon_core.package_identification:_identify(.) by extensions ['colcon_pkg']
[0.094s] Level 1:colcon.colcon_core.package_identification:_identify(.) by extension 'colcon_pkg'
[0.094s] Level 1:colcon.colcon_core.package_identification:_identify(.) by extensions ['colcon_meta']
[0.094s] Level 1:colcon.colcon_core.package_identification:_identify(.) by extension 'colcon_meta'
[0.094s] Level 1:colcon.colcon_core.package_identification:_identify(.) by extensions ['ros']
[0.094s] Level 1:colcon.colcon_core.package_identification:_identify(.) by extension 'ros'
[0.110s] Level 1:colcon.colcon_core.package_identification:_identify(.) by extensions ['cmake', 'python']
[0.110s] Level 1:colcon.colcon_core.package_identification:_identify(.) by extension 'cmake'
[0.110s] Level 1:colcon.colcon_core.package_identification:_identify(.) by extension 'python'
[0.110s] Level 1:colcon.colcon_core.package_identification:_identify(.) by extensions ['python_setup_py']
[0.110s] Level 1:colcon.colcon_core.package_identification:_identify(.) by extension 'python_setup_py'
[0.110s] Level 1:colcon.colcon_core.package_identification:_identify(build) by extensions ['ignore', 'ignore_ament_install']
[0.110s] Level 1:colcon.colcon_core.package_identification:_identify(build) by extension 'ignore'
[0.110s] Level 1:colcon.colcon_core.package_identification:_identify(build) ignored
[0.110s] Level 1:colcon.colcon_core.package_identification:_identify(install) by extensions ['ignore', 'ignore_ament_install']
[0.110s] Level 1:colcon.colcon_core.package_identification:_identify(install) by extension 'ignore'
[0.110s] Level 1:colcon.colcon_core.package_identification:_identify(install) ignored
[0.110s] Level 1:colcon.colcon_core.package_identification:_identify(log) by extensions ['ignore', 'ignore_ament_install']
[0.110s] Level 1:colcon.colcon_core.package_identification:_identify(log) by extension 'ignore'
[0.110s] Level 1:colcon.colcon_core.package_identification:_identify(log) ignored
[0.110s] Level 1:colcon.colcon_core.package_identification:_identify(src) by extensions ['ignore', 'ignore_ament_install']
[0.110s] Level 1:colcon.colcon_core.package_identification:_identify(src) by extension 'ignore'
[0.110s] Level 1:colcon.colcon_core.package_identification:_identify(src) by extension 'ignore_ament_install'
[0.110s] Level 1:colcon.colcon_core.package_identification:_identify(src) by extensions ['colcon_pkg']
[0.110s] Level 1:colcon.colcon_core.package_identification:_identify(src) by extension 'colcon_pkg'
[0.110s] Level 1:colcon.colcon_core.package_identification:_identify(src) by extensions ['colcon_meta']
[0.110s] Level 1:colcon.colcon_core.package_identification:_identify(src) by extension 'colcon_meta'
[0.110s] Level 1:colcon.colcon_core.package_identification:_identify(src) by extensions ['ros']
[0.110s] Level 1:colcon.colcon_core.package_identification:_identify(src) by extension 'ros'
[0.110s] Level 1:colcon.colcon_core.package_identification:_identify(src) by extensions ['cmake', 'python']
[0.110s] Level 1:colcon.colcon_core.package_identification:_identify(src) by extension 'cmake'
[0.110s] Level 1:colcon.colcon_core.package_identification:_identify(src) by extension 'python'
[0.111s] Level 1:colcon.colcon_core.package_identification:_identify(src) by extensions ['python_setup_py']
[0.111s] Level 1:colcon.colcon_core.package_identification:_identify(src) by extension 'python_setup_py'
[0.111s] Level 1:colcon.colcon_core.package_identification:_identify(src/balancing_robot) by extensions ['ignore', 'ignore_ament_install']
[0.111s] Level 1:colcon.colcon_core.package_identification:_identify(src/balancing_robot) by extension 'ignore'
[0.111s] Level 1:colcon.colcon_core.package_identification:_identify(src/balancing_robot) by extension 'ignore_ament_install'
[0.111s] Level 1:colcon.colcon_core.package_identification:_identify(src/balancing_robot) by extensions ['colcon_pkg']
[0.111s] Level 1:colcon.colcon_core.package_identification:_identify(src/balancing_robot) by extension 'colcon_pkg'
[0.111s] Level 1:colcon.colcon_core.package_identification:_identify(src/balancing_robot) by extensions ['colcon_meta']
[0.111s] Level 1:colcon.colcon_core.package_identification:_identify(src/balancing_robot) by extension 'colcon_meta'
[0.111s] Level 1:colcon.colcon_core.package_identification:_identify(src/balancing_robot) by extensions ['ros']
[0.111s] Level 1:colcon.colcon_core.package_identification:_identify(src/balancing_robot) by extension 'ros'
[0.112s] DEBUG:colcon.colcon_core.package_identification:Package 'src/balancing_robot' with type 'ros.ament_cmake' and name 'balancing_robot'
[0.112s] Level 1:colcon.colcon_core.package_identification:_identify(src/hanium_enu) by extensions ['ignore', 'ignore_ament_install']
[0.112s] Level 1:colcon.colcon_core.package_identification:_identify(src/hanium_enu) by extension 'ignore'
[0.112s] Level 1:colcon.colcon_core.package_identification:_identify(src/hanium_enu) by extension 'ignore_ament_install'
[0.113s] Level 1:colcon.colcon_core.package_identification:_identify(src/hanium_enu) by extensions ['colcon_pkg']
[0.113s] Level 1:colcon.colcon_core.package_identification:_identify(src/hanium_enu) by extension 'colcon_pkg'
[0.113s] Level 1:colcon.colcon_core.package_identification:_identify(src/hanium_enu) by extensions ['colcon_meta']
[0.113s] Level 1:colcon.colcon_core.package_identification:_identify(src/hanium_enu) by extension 'colcon_meta'
[0.113s] Level 1:colcon.colcon_core.package_identification:_identify(src/hanium_enu) by extensions ['ros']
[0.113s] Level 1:colcon.colcon_core.package_identification:_identify(src/hanium_enu) by extension 'ros'
[0.113s] DEBUG:colcon.colcon_core.package_identification:Package 'src/hanium_enu' with type 'ros.ament_cmake' and name 'hanium_enu'
[0.113s] Level 1:colcon.colcon_core.package_discovery:discover_packages(recursive) using defaults
[0.113s] Level 1:colcon.colcon_core.package_discovery:discover_packages(ignore) discover
[0.113s] Level 1:colcon.colcon_core.package_discovery:discover_packages(ignore) using defaults
[0.113s] Level 1:colcon.colcon_core.package_discovery:discover_packages(path) discover
[0.113s] Level 1:colcon.colcon_core.package_discovery:discover_packages(path) using defaults
[0.124s] Level 1:colcon.colcon_core.package_discovery:discover_packages(prefix_path) check parameters
[0.124s] Level 1:colcon.colcon_core.package_discovery:discover_packages(prefix_path) discover
[0.125s] DEBUG:colcon.colcon_installed_package_information.package_discovery:Found 2 installed packages in /home/song/ros2_ws/install
[0.127s] DEBUG:colcon.colcon_installed_package_information.package_discovery:Found 319 installed packages in /opt/ros/jazzy
[0.127s] Level 1:colcon.colcon_core.package_discovery:discover_packages(prefix_path) using defaults
[0.154s] Level 5:colcon.colcon_core.verb:set package 'balancing_robot' build argument 'cmake_args' from command line to 'None'
[0.154s] Level 5:colcon.colcon_core.verb:set package 'balancing_robot' build argument 'cmake_target' from command line to 'None'
[0.154s] Level 5:colcon.colcon_core.verb:set package 'balancing_robot' build argument 'cmake_target_skip_unavailable' from command line to 'False'
[0.154s] Level 5:colcon.colcon_core.verb:set package 'balancing_robot' build argument 'cmake_clean_cache' from command line to 'False'
[0.154s] Level 5:colcon.colcon_core.verb:set package 'balancing_robot' build argument 'cmake_clean_first' from command line to 'False'
[0.154s] Level 5:colcon.colcon_core.verb:set package 'balancing_robot' build argument 'cmake_force_configure' from command line to 'False'
[0.154s] Level 5:colcon.colcon_core.verb:set package 'balancing_robot' build argument 'ament_cmake_args' from command line to 'None'
[0.154s] Level 5:colcon.colcon_core.verb:set package 'balancing_robot' build argument 'catkin_cmake_args' from command line to 'None'
[0.154s] Level 5:colcon.colcon_core.verb:set package 'balancing_robot' build argument 'catkin_skip_building_tests' from command line to 'False'
[0.154s] DEBUG:colcon.colcon_core.verb:Building package 'balancing_robot' with the following arguments: {'ament_cmake_args': None, 'build_base': '/home/song/ros2_ws/build/balancing_robot', 'catkin_cmake_args': None, 'catkin_skip_building_tests': False, 'cmake_args': None, 'cmake_clean_cache': False, 'cmake_clean_first': False, 'cmake_force_configure': False, 'cmake_target': None, 'cmake_target_skip_unavailable': False, 'install_base': '/home/song/ros2_ws/install/balancing_robot', 'merge_install': False, 'path': '/home/song/ros2_ws/src/balancing_robot', 'symlink_install': False, 'test_result_base': None}
[0.154s] Level 5:colcon.colcon_core.verb:set package 'hanium_enu' build argument 'cmake_args' from command line to 'None'
[0.154s] Level 5:colcon.colcon_core.verb:set package 'hanium_enu' build argument 'cmake_target' from command line to 'None'
[0.154s] Level 5:colcon.colcon_core.verb:set package 'hanium_enu' build argument 'cmake_target_skip_unavailable' from command line to 'False'
[0.154s] Level 5:colcon.colcon_core.verb:set package 'hanium_enu' build argument 'cmake_clean_cache' from command line to 'False'
[0.154s] Level 5:colcon.colcon_core.verb:set package 'hanium_enu' build argument 'cmake_clean_first' from command line to 'False'
[0.154s] Level 5:colcon.colcon_core.verb:set package 'hanium_enu' build argument 'cmake_force_configure' from command line to 'False'
[0.154s] Level 5:colcon.colcon_core.verb:set package 'hanium_enu' build argument 'ament_cmake_args' from command line to 'None'
[0.154s] Level 5:colcon.colcon_core.verb:set package 'hanium_enu' build argument 'catkin_cmake_args' from command line to 'None'
[0.154s] Level 5:colcon.colcon_core.verb:set package 'hanium_enu' build argument 'catkin_skip_building_tests' from command line to 'False'
[0.154s] DEBUG:colcon.colcon_core.verb:Building package 'hanium_enu' with the following arguments: {'ament_cmake_args': None, 'build_base': '/home/song/ros2_ws/build/hanium_enu', 'catkin_cmake_args': None, 'catkin_skip_building_tests': False, 'cmake_args': None, 'cmake_clean_cache': False, 'cmake_clean_first': False, 'cmake_force_configure': False, 'cmake_target': None, 'cmake_target_skip_unavailable': False, 'install_base': '/home/song/ros2_ws/install/hanium_enu', 'merge_install': False, 'path': '/home/song/ros2_ws/src/hanium_enu', 'symlink_install': False, 'test_result_base': None}
[0.155s] INFO:colcon.colcon_core.executor:Executing jobs using 'parallel' executor
[0.155s] DEBUG:colcon.colcon_parallel_executor.executor.parallel:run_until_complete
[0.155s] INFO:colcon.colcon_ros.task.ament_cmake.build:Building ROS package in '/home/song/ros2_ws/src/balancing_robot' with build type 'ament_cmake'
[0.155s] INFO:colcon.colcon_cmake.task.cmake.build:Building CMake package in '/home/song/ros2_ws/src/balancing_robot'
[0.157s] INFO:colcon.colcon_core.plugin_system:Skipping extension 'colcon_core.shell.bat': Not used on non-Windows systems
[0.157s] INFO:colcon.colcon_core.shell:Skip shell extension 'powershell' for command environment: Not usable outside of PowerShell
[0.157s] DEBUG:colcon.colcon_core.shell:Skip shell extension 'dsv' for command environment
[0.159s] INFO:colcon.colcon_ros.task.ament_cmake.build:Building ROS package in '/home/song/ros2_ws/src/hanium_enu' with build type 'ament_cmake'
[0.159s] INFO:colcon.colcon_cmake.task.cmake.build:Building CMake package in '/home/song/ros2_ws/src/hanium_enu'
[0.160s] INFO:colcon.colcon_core.shell:Skip shell extension 'powershell' for command environment: Not usable outside of PowerShell
[0.160s] DEBUG:colcon.colcon_core.shell:Skip shell extension 'dsv' for command environment
[0.165s] DEBUG:colcon.colcon_core.event_handler.log_command:Invoking command in '/home/song/ros2_ws/build/balancing_robot': CMAKE_PREFIX_PATH=${CMAKE_PREFIX_PATH}:/opt/ros/jazzy DEBUGINFOD_URLS=https://debuginfod.ubuntu.com /usr/bin/cmake --build /home/song/ros2_ws/build/balancing_robot -- -j12 -l12
[0.167s] DEBUG:colcon.colcon_core.event_handler.log_command:Invoking command in '/home/song/ros2_ws/build/hanium_enu': CMAKE_PREFIX_PATH=${CMAKE_PREFIX_PATH}:/opt/ros/jazzy DEBUGINFOD_URLS=https://debuginfod.ubuntu.com /usr/bin/cmake --build /home/song/ros2_ws/build/hanium_enu -- -j12 -l12
[0.199s] DEBUG:colcon.colcon_core.event_handler.log_command:Invoked command in '/home/song/ros2_ws/build/hanium_enu' returned '0': CMAKE_PREFIX_PATH=${CMAKE_PREFIX_PATH}:/opt/ros/jazzy DEBUGINFOD_URLS=https://debuginfod.ubuntu.com /usr/bin/cmake --build /home/song/ros2_ws/build/hanium_enu -- -j12 -l12
[0.207s] DEBUG:colcon.colcon_core.event_handler.log_command:Invoking command in '/home/song/ros2_ws/build/hanium_enu': CMAKE_PREFIX_PATH=${CMAKE_PREFIX_PATH}:/opt/ros/jazzy DEBUGINFOD_URLS=https://debuginfod.ubuntu.com /usr/bin/cmake --install /home/song/ros2_ws/build/hanium_enu
[0.208s] DEBUG:colcon.colcon_core.event_handler.log_command:Invoked command in '/home/song/ros2_ws/build/balancing_robot' returned '0': CMAKE_PREFIX_PATH=${CMAKE_PREFIX_PATH}:/opt/ros/jazzy DEBUGINFOD_URLS=https://debuginfod.ubuntu.com /usr/bin/cmake --build /home/song/ros2_ws/build/balancing_robot -- -j12 -l12
[0.208s] DEBUG:colcon.colcon_core.event_handler.log_command:Invoking command in '/home/song/ros2_ws/build/balancing_robot': CMAKE_PREFIX_PATH=${CMAKE_PREFIX_PATH}:/opt/ros/jazzy DEBUGINFOD_URLS=https://debuginfod.ubuntu.com /usr/bin/cmake --install /home/song/ros2_ws/build/balancing_robot
[0.218s] Level 1:colcon.colcon_core.environment:create_environment_scripts_only(hanium_enu)
[0.219s] DEBUG:colcon.colcon_core.event_handler.log_command:Invoked command in '/home/song/ros2_ws/build/hanium_enu' returned '0': CMAKE_PREFIX_PATH=${CMAKE_PREFIX_PATH}:/opt/ros/jazzy DEBUGINFOD_URLS=https://debuginfod.ubuntu.com /usr/bin/cmake --install /home/song/ros2_ws/build/hanium_enu
[0.220s] Level 1:colcon.colcon_core.environment:checking '/home/song/ros2_ws/install/hanium_enu' for CMake module files
[0.220s] Level 1:colcon.colcon_core.environment:checking '/home/song/ros2_ws/install/hanium_enu' for CMake config files
[0.221s] Level 1:colcon.colcon_core.shell:create_environment_hook('hanium_enu', 'cmake_prefix_path')
[0.221s] INFO:colcon.colcon_core.shell:Creating environment hook '/home/song/ros2_ws/install/hanium_enu/share/hanium_enu/hook/cmake_prefix_path.ps1'
[0.221s] INFO:colcon.colcon_core.shell:Creating environment descriptor '/home/song/ros2_ws/install/hanium_enu/share/hanium_enu/hook/cmake_prefix_path.dsv'
[0.221s] INFO:colcon.colcon_core.shell:Creating environment hook '/home/song/ros2_ws/install/hanium_enu/share/hanium_enu/hook/cmake_prefix_path.sh'
[0.222s] Level 1:colcon.colcon_core.environment:checking '/home/song/ros2_ws/install/hanium_enu/bin'
[0.222s] Level 1:colcon.colcon_core.environment:checking '/home/song/ros2_ws/install/hanium_enu/lib/pkgconfig/hanium_enu.pc'
[0.222s] Level 1:colcon.colcon_core.environment:checking '/home/song/ros2_ws/install/hanium_enu/lib/python3.12/site-packages'
[0.222s] Level 1:colcon.colcon_core.environment:checking '/home/song/ros2_ws/install/hanium_enu/bin'
[0.222s] INFO:colcon.colcon_core.shell:Creating package script '/home/song/ros2_ws/install/hanium_enu/share/hanium_enu/package.ps1'
[0.223s] INFO:colcon.colcon_core.shell:Creating package descriptor '/home/song/ros2_ws/install/hanium_enu/share/hanium_enu/package.dsv'
[0.223s] INFO:colcon.colcon_core.shell:Creating package script '/home/song/ros2_ws/install/hanium_enu/share/hanium_enu/package.sh'
[0.223s] INFO:colcon.colcon_core.shell:Creating package script '/home/song/ros2_ws/install/hanium_enu/share/hanium_enu/package.bash'
[0.224s] INFO:colcon.colcon_core.shell:Creating package script '/home/song/ros2_ws/install/hanium_enu/share/hanium_enu/package.zsh'
[0.224s] Level 1:colcon.colcon_core.environment:create_file_with_runtime_dependencies(/home/song/ros2_ws/install/hanium_enu/share/colcon-core/packages/hanium_enu)
[0.224s] Level 1:colcon.colcon_core.environment:create_environment_scripts_only(hanium_enu)
[0.224s] Level 1:colcon.colcon_core.environment:checking '/home/song/ros2_ws/install/hanium_enu' for CMake module files
[0.224s] Level 1:colcon.colcon_core.environment:checking '/home/song/ros2_ws/install/hanium_enu' for CMake config files
[0.225s] Level 1:colcon.colcon_core.shell:create_environment_hook('hanium_enu', 'cmake_prefix_path')
[0.225s] INFO:colcon.colcon_core.shell:Creating environment hook '/home/song/ros2_ws/install/hanium_enu/share/hanium_enu/hook/cmake_prefix_path.ps1'
[0.225s] INFO:colcon.colcon_core.shell:Creating environment descriptor '/home/song/ros2_ws/install/hanium_enu/share/hanium_enu/hook/cmake_prefix_path.dsv'
[0.225s] INFO:colcon.colcon_core.shell:Creating environment hook '/home/song/ros2_ws/install/hanium_enu/share/hanium_enu/hook/cmake_prefix_path.sh'
[0.226s] Level 1:colcon.colcon_core.environment:checking '/home/song/ros2_ws/install/hanium_enu/bin'
[0.226s] Level 1:colcon.colcon_core.environment:checking '/home/song/ros2_ws/install/hanium_enu/lib/pkgconfig/hanium_enu.pc'
[0.226s] Level 1:colcon.colcon_core.environment:checking '/home/song/ros2_ws/install/hanium_enu/lib/python3.12/site-packages'
[0.226s] Level 1:colcon.colcon_core.environment:checking '/home/song/ros2_ws/install/hanium_enu/bin'
[0.226s] INFO:colcon.colcon_core.shell:Creating package script '/home/song/ros2_ws/install/hanium_enu/share/hanium_enu/package.ps1'
[0.226s] INFO:colcon.colcon_core.shell:Creating package descriptor '/home/song/ros2_ws/install/hanium_enu/share/hanium_enu/package.dsv'
[0.227s] INFO:colcon.colcon_core.shell:Creating package script '/home/song/ros2_ws/install/hanium_enu/share/hanium_enu/package.sh'
[0.227s] INFO:colcon.colcon_core.shell:Creating package script '/home/song/ros2_ws/install/hanium_enu/share/hanium_enu/package.bash'
[0.227s] INFO:colcon.colcon_core.shell:Creating package script '/home/song/ros2_ws/install/hanium_enu/share/hanium_enu/package.zsh'
[0.227s] Level 1:colcon.colcon_core.environment:create_file_with_runtime_dependencies(/home/song/ros2_ws/install/hanium_enu/share/colcon-core/packages/hanium_enu)
[0.227s] Level 1:colcon.colcon_core.environment:create_environment_scripts_only(balancing_robot)
[0.228s] Level 1:colcon.colcon_core.environment:checking '/home/song/ros2_ws/install/balancing_robot' for CMake module files
[0.228s] DEBUG:colcon.colcon_core.event_handler.log_command:Invoked command in '/home/song/ros2_ws/build/balancing_robot' returned '0': CMAKE_PREFIX_PATH=${CMAKE_PREFIX_PATH}:/opt/ros/jazzy DEBUGINFOD_URLS=https://debuginfod.ubuntu.com /usr/bin/cmake --install /home/song/ros2_ws/build/balancing_robot
[0.228s] Level 1:colcon.colcon_core.environment:checking '/home/song/ros2_ws/install/balancing_robot' for CMake config files
[0.229s] Level 1:colcon.colcon_core.shell:create_environment_hook('balancing_robot', 'cmake_prefix_path')
[0.229s] INFO:colcon.colcon_core.shell:Creating environment hook '/home/song/ros2_ws/install/balancing_robot/share/balancing_robot/hook/cmake_prefix_path.ps1'
[0.229s] INFO:colcon.colcon_core.shell:Creating environment descriptor '/home/song/ros2_ws/install/balancing_robot/share/balancing_robot/hook/cmake_prefix_path.dsv'
[0.230s] INFO:colcon.colcon_core.shell:Creating environment hook '/home/song/ros2_ws/install/balancing_robot/share/balancing_robot/hook/cmake_prefix_path.sh'
[0.230s] Level 1:colcon.colcon_core.environment:checking '/home/song/ros2_ws/install/balancing_robot/bin'
[0.230s] Level 1:colcon.colcon_core.environment:checking '/home/song/ros2_ws/install/balancing_robot/lib/pkgconfig/balancing_robot.pc'
[0.230s] Level 1:colcon.colcon_core.environment:checking '/home/song/ros2_ws/install/balancing_robot/lib/python3.12/site-packages'
[0.230s] Level 1:colcon.colcon_core.environment:checking '/home/song/ros2_ws/install/balancing_robot/bin'
[0.230s] INFO:colcon.colcon_core.shell:Creating package script '/home/song/ros2_ws/install/balancing_robot/share/balancing_robot/package.ps1'
[0.231s] INFO:colcon.colcon_core.shell:Creating package descriptor '/home/song/ros2_ws/install/balancing_robot/share/balancing_robot/package.dsv'
[0.231s] INFO:colcon.colcon_core.shell:Creating package script '/home/song/ros2_ws/install/balancing_robot/share/balancing_robot/package.sh'
[0.232s] INFO:colcon.colcon_core.shell:Creating package script '/home/song/ros2_ws/install/balancing_robot/share/balancing_robot/package.bash'
[0.232s] INFO:colcon.colcon_core.shell:Creating package script '/home/song/ros2_ws/install/balancing_robot/share/balancing_robot/package.zsh'
[0.232s] Level 1:colcon.colcon_core.environment:create_file_with_runtime_dependencies(/home/song/ros2_ws/install/balancing_robot/share/colcon-core/packages/balancing_robot)
[0.233s] Level 1:colcon.colcon_core.environment:create_environment_scripts_only(balancing_robot)
[0.233s] Level 1:colcon.colcon_core.environment:checking '/home/song/ros2_ws/install/balancing_robot' for CMake module files
[0.233s] Level 1:colcon.colcon_core.environment:checking '/home/song/ros2_ws/install/balancing_robot' for CMake config files
[0.233s] Level 1:colcon.colcon_core.shell:create_environment_hook('balancing_robot', 'cmake_prefix_path')
[0.233s] INFO:colcon.colcon_core.shell:Creating environment hook '/home/song/ros2_ws/install/balancing_robot/share/balancing_robot/hook/cmake_prefix_path.ps1'
[0.234s] INFO:colcon.colcon_core.shell:Creating environment descriptor '/home/song/ros2_ws/install/balancing_robot/share/balancing_robot/hook/cmake_prefix_path.dsv'
[0.234s] INFO:colcon.colcon_core.shell:Creating environment hook '/home/song/ros2_ws/install/balancing_robot/share/balancing_robot/hook/cmake_prefix_path.sh'
[0.234s] Level 1:colcon.colcon_core.environment:checking '/home/song/ros2_ws/install/balancing_robot/bin'
[0.234s] Level 1:colcon.colcon_core.environment:checking '/home/song/ros2_ws/install/balancing_robot/lib/pkgconfig/balancing_robot.pc'
[0.234s] Level 1:colcon.colcon_core.environment:checking '/home/song/ros2_ws/install/balancing_robot/lib/python3.12/site-packages'
[0.234s] Level 1:colcon.colcon_core.environment:checking '/home/song/ros2_ws/install/balancing_robot/bin'
[0.235s] INFO:colcon.colcon_core.shell:Creating package script '/home/song/ros2_ws/install/balancing_robot/share/balancing_robot/package.ps1'
[0.235s] INFO:colcon.colcon_core.shell:Creating package descriptor '/home/song/ros2_ws/install/balancing_robot/share/balancing_robot/package.dsv'
[0.235s] INFO:colcon.colcon_core.shell:Creating package script '/home/song/ros2_ws/install/balancing_robot/share/balancing_robot/package.sh'
[0.235s] INFO:colcon.colcon_core.shell:Creating package script '/home/song/ros2_ws/install/balancing_robot/share/balancing_robot/package.bash'
[0.236s] INFO:colcon.colcon_core.shell:Creating package script '/home/song/ros2_ws/install/balancing_robot/share/balancing_robot/package.zsh'
[0.236s] Level 1:colcon.colcon_core.environment:create_file_with_runtime_dependencies(/home/song/ros2_ws/install/balancing_robot/share/colcon-core/packages/balancing_robot)
[0.236s] DEBUG:colcon.colcon_parallel_executor.executor.parallel:closing loop
[0.236s] DEBUG:colcon.colcon_parallel_executor.executor.parallel:loop closed
[0.236s] DEBUG:colcon.colcon_parallel_executor.executor.parallel:run_until_complete finished with '0'
[0.236s] DEBUG:colcon.colcon_core.event_reactor:joining thread
[0.240s] INFO:colcon.colcon_core.plugin_system:Skipping extension 'colcon_notification.desktop_notification.terminal_notifier': Not used on non-Darwin systems
[0.240s] INFO:colcon.colcon_core.plugin_system:Skipping extension 'colcon_notification.desktop_notification.win32': Not used on non-Windows systems
[0.240s] INFO:colcon.colcon_notification.desktop_notification:Sending desktop notification using 'notify2'
[0.250s] DEBUG:colcon.colcon_core.event_reactor:joined thread
[0.251s] INFO:colcon.colcon_core.shell:Creating prefix script '/home/song/ros2_ws/install/local_setup.ps1'
[0.252s] INFO:colcon.colcon_core.shell:Creating prefix util module '/home/song/ros2_ws/install/_local_setup_util_ps1.py'
[0.252s] INFO:colcon.colcon_core.shell:Creating prefix chain script '/home/song/ros2_ws/install/setup.ps1'
[0.253s] INFO:colcon.colcon_core.shell:Creating prefix script '/home/song/ros2_ws/install/local_setup.sh'
[0.253s] INFO:colcon.colcon_core.shell:Creating prefix util module '/home/song/ros2_ws/install/_local_setup_util_sh.py'
[0.254s] INFO:colcon.colcon_core.shell:Creating prefix chain script '/home/song/ros2_ws/install/setup.sh'
[0.255s] INFO:colcon.colcon_core.shell:Creating prefix script '/home/song/ros2_ws/install/local_setup.bash'
[0.255s] INFO:colcon.colcon_core.shell:Creating prefix chain script '/home/song/ros2_ws/install/setup.bash'
[0.255s] INFO:colcon.colcon_core.shell:Creating prefix script '/home/song/ros2_ws/install/local_setup.zsh'
[0.256s] INFO:colcon.colcon_core.shell:Creating prefix chain script '/home/song/ros2_ws/install/setup.zsh'
