-- Install configuration: ""
-- Up-to-date: /home/song/ros2_ws/install/hanium/share/hanium/urdf
-- Up-to-date: /home/song/ros2_ws/install/hanium/share/hanium/urdf/balancing_robot_urdf.urdf
-- Up-to-date: /home/song/ros2_ws/install/hanium/share/hanium/balancing_robot_mesh
-- Up-to-date: /home/song/ros2_ws/install/hanium/share/hanium/balancing_robot_mesh/c_3_robot_export_clean__rx28_disc_1.stl
-- Up-to-date: /home/song/ros2_ws/install/hanium/share/hanium/balancing_robot_mesh/body_rear_1.stl
-- Up-to-date: /home/song/ros2_ws/install/hanium/share/hanium/balancing_robot_mesh/battery_1.stl
-- Up-to-date: /home/song/ros2_ws/install/hanium/share/hanium/balancing_robot_mesh/c_3_robot_export_clean__body_knee_bracket_v2_1.dae
-- Up-to-date: /home/song/ros2_ws/install/hanium/share/hanium/balancing_robot_mesh/c_3_robot_export_clean__wheel_tire_1.dae
-- Up-to-date: /home/song/ros2_ws/install/hanium/share/hanium/balancing_robot_mesh/antenna_base_1.stl
-- Up-to-date: /home/song/ros2_ws/install/hanium/share/hanium/balancing_robot_mesh/antenna_base_1.dae
-- Up-to-date: /home/song/ros2_ws/install/hanium/share/hanium/balancing_robot_mesh/c_3_robot_export_clean__GM4108Motor_AS5048AEncoder_simplified_1.stl
-- Up-to-date: /home/song/ros2_ws/install/hanium/share/hanium/balancing_robot_mesh/c_3_robot_export_clean__motor_wheel_adapter_1.dae
-- Up-to-date: /home/song/ros2_ws/install/hanium/share/hanium/balancing_robot_mesh/imu_sensor_1.stl
-- Up-to-date: /home/song/ros2_ws/install/hanium/share/hanium/balancing_robot_mesh/body_front_1_1.dae
-- Up-to-date: /home/song/ros2_ws/install/hanium/share/hanium/balancing_robot_mesh/YDLidar_G2_1.dae
-- Up-to-date: /home/song/ros2_ws/install/hanium/share/hanium/balancing_robot_mesh/antenna_cover_1.dae
-- Up-to-date: /home/song/ros2_ws/install/hanium/share/hanium/balancing_robot_mesh/c_3_robot_export_clean__wheel_tire_1.stl
-- Up-to-date: /home/song/ros2_ws/install/hanium/share/hanium/balancing_robot_mesh/body_side_1.stl
-- Up-to-date: /home/song/ros2_ws/install/hanium/share/hanium/balancing_robot_mesh/c_3_robot_export_clean__RX_28_1.dae
-- Up-to-date: /home/song/ros2_ws/install/hanium/share/hanium/balancing_robot_mesh/c_3_robot_export_clean__FP04_F2_1.dae
-- Up-to-date: /home/song/ros2_ws/install/hanium/share/hanium/balancing_robot_mesh/c_3_robot_export_clean__rx28_disc_1_2.stl
-- Up-to-date: /home/song/ros2_ws/install/hanium/share/hanium/balancing_robot_mesh/c_3_robot_export_clean__motor_wheel_adapter_1.stl
-- Up-to-date: /home/song/ros2_ws/install/hanium/share/hanium/balancing_robot_mesh/c_3_robot_export_clean__FP04_F2_1.stl
-- Up-to-date: /home/song/ros2_ws/install/hanium/share/hanium/balancing_robot_mesh/body_side_1.dae
-- Up-to-date: /home/song/ros2_ws/install/hanium/share/hanium/balancing_robot_mesh/YDLidar_G2_1.stl
-- Up-to-date: /home/song/ros2_ws/install/hanium/share/hanium/balancing_robot_mesh/c_3_robot_export_clean__rx28_disc_1_3.stl
-- Up-to-date: /home/song/ros2_ws/install/hanium/share/hanium/balancing_robot_mesh/c_3_robot_export_clean__body_knee_bracket_v2_1.stl
-- Up-to-date: /home/song/ros2_ws/install/hanium/share/hanium/balancing_robot_mesh/antenna_cover_1.stl
-- Up-to-date: /home/song/ros2_ws/install/hanium/share/hanium/balancing_robot_mesh/body_side_1_2.stl
-- Up-to-date: /home/song/ros2_ws/install/hanium/share/hanium/balancing_robot_mesh/c_3_robot_export_clean__rx28_mount_1.dae
-- Up-to-date: /home/song/ros2_ws/install/hanium/share/hanium/balancing_robot_mesh/c_3_robot_export_clean__motor_wheel_adapter_1_2.stl
-- Up-to-date: /home/song/ros2_ws/install/hanium/share/hanium/balancing_robot_mesh/c_3_robot_export_clean__motor_wheel_adapter_1_2.dae
-- Up-to-date: /home/song/ros2_ws/install/hanium/share/hanium/balancing_robot_mesh/c_3_robot_export_clean__knee_motor_bracket_1.stl
-- Up-to-date: /home/song/ros2_ws/install/hanium/share/hanium/balancing_robot_mesh/c_3_robot_export_clean__rx28_disc_1.dae
-- Up-to-date: /home/song/ros2_ws/install/hanium/share/hanium/balancing_robot_mesh/battery_1.dae
-- Up-to-date: /home/song/ros2_ws/install/hanium/share/hanium/balancing_robot_mesh/c_3_robot_export_clean__rx28_disc_1_4.dae
-- Up-to-date: /home/song/ros2_ws/install/hanium/share/hanium/balancing_robot_mesh/c_3_robot_export_clean__GM4108Motor_AS5048AEncoder_simplified_1.dae
-- Up-to-date: /home/song/ros2_ws/install/hanium/share/hanium/balancing_robot_mesh/body_front_1_1.stl
-- Up-to-date: /home/song/ros2_ws/install/hanium/share/hanium/balancing_robot_mesh/body_rear_1.dae
-- Up-to-date: /home/song/ros2_ws/install/hanium/share/hanium/balancing_robot_mesh/body_bottom_1.dae
-- Up-to-date: /home/song/ros2_ws/install/hanium/share/hanium/balancing_robot_mesh/c_3_robot_export_clean__rx28_disc_1_3.dae
-- Up-to-date: /home/song/ros2_ws/install/hanium/share/hanium/balancing_robot_mesh/c_3_robot_export_clean__knee_motor_bracket_1.dae
-- Up-to-date: /home/song/ros2_ws/install/hanium/share/hanium/balancing_robot_mesh/imu_sensor_1.dae
-- Up-to-date: /home/song/ros2_ws/install/hanium/share/hanium/balancing_robot_mesh/c_3_robot_export_clean__rx28_mount_1.stl
-- Up-to-date: /home/song/ros2_ws/install/hanium/share/hanium/balancing_robot_mesh/body_side_1_2.dae
-- Up-to-date: /home/song/ros2_ws/install/hanium/share/hanium/balancing_robot_mesh/c_3_robot_export_clean__rx28_disc_1_2.dae
-- Up-to-date: /home/song/ros2_ws/install/hanium/share/hanium/balancing_robot_mesh/body_bottom_1.stl
-- Up-to-date: /home/song/ros2_ws/install/hanium/share/hanium/balancing_robot_mesh/c_3_robot_export_clean__RX_28_1.stl
-- Up-to-date: /home/song/ros2_ws/install/hanium/share/hanium/balancing_robot_mesh/c_3_robot_export_clean__rx28_disc_1_4.stl
-- Up-to-date: /home/song/ros2_ws/install/hanium/share/hanium/launch
-- Up-to-date: /home/song/ros2_ws/install/hanium/share/hanium/launch/display.launch.py
-- Up-to-date: /home/song/ros2_ws/install/hanium/share/hanium/rviz
-- Up-to-date: /home/song/ros2_ws/install/hanium/share/hanium/rviz/balancing_robot_urdf.rviz
-- Up-to-date: /home/song/ros2_ws/install/hanium/share/ament_index/resource_index/package_run_dependencies/hanium
-- Up-to-date: /home/song/ros2_ws/install/hanium/share/ament_index/resource_index/parent_prefix_path/hanium
-- Up-to-date: /home/song/ros2_ws/install/hanium/share/hanium/environment/ament_prefix_path.sh
-- Up-to-date: /home/song/ros2_ws/install/hanium/share/hanium/environment/ament_prefix_path.dsv
-- Up-to-date: /home/song/ros2_ws/install/hanium/share/hanium/environment/path.sh
-- Up-to-date: /home/song/ros2_ws/install/hanium/share/hanium/environment/path.dsv
-- Up-to-date: /home/song/ros2_ws/install/hanium/share/hanium/local_setup.bash
-- Up-to-date: /home/song/ros2_ws/install/hanium/share/hanium/local_setup.sh
-- Up-to-date: /home/song/ros2_ws/install/hanium/share/hanium/local_setup.zsh
-- Up-to-date: /home/song/ros2_ws/install/hanium/share/hanium/local_setup.dsv
-- Up-to-date: /home/song/ros2_ws/install/hanium/share/hanium/package.dsv
-- Up-to-date: /home/song/ros2_ws/install/hanium/share/ament_index/resource_index/packages/hanium
-- Up-to-date: /home/song/ros2_ws/install/hanium/share/hanium/cmake/haniumConfig.cmake
-- Up-to-date: /home/song/ros2_ws/install/hanium/share/hanium/cmake/haniumConfig-version.cmake
-- Up-to-date: /home/song/ros2_ws/install/hanium/share/hanium/package.xml
