[0.007s] Invoking command in '/home/song/ros2_ws/build/hanium': CMAKE_PREFIX_PATH=${CMAKE_PREFIX_PATH}:/opt/ros/jazzy DEBUGINFOD_URLS=https://debuginfod.ubuntu.com /usr/bin/cmake /home/song/ros2_ws/src/hanium -DCMAKE_INSTALL_PREFIX=/home/song/ros2_ws/install/hanium
[0.107s] -- The C compiler identification is GNU 13.3.0
[0.173s] -- The CXX compiler identification is GNU 13.3.0
[0.189s] -- Detecting C compiler ABI info
[0.267s] -- Detecting C compiler ABI info - done
[0.272s] -- Check for working C compiler: /usr/bin/cc - skipped
[0.272s] -- Detecting C compile features
[0.272s] -- Detecting C compile features - done
[0.280s] -- Detecting CXX compiler ABI info
[0.360s] -- Detecting CXX compiler ABI info - done
[0.365s] -- Check for working CXX compiler: /usr/bin/c++ - skipped
[0.365s] -- Detecting CXX compile features
[0.366s] -- Detecting CXX compile features - done
[0.372s] -- Found ament_cmake: 2.5.6 (/opt/ros/jazzy/share/ament_cmake/cmake)
[0.481s] -- Found Python3: /usr/bin/python3 (found version "3.12.3") found components: Interpreter 
[0.639s] -- Configuring done (0.6s)
[0.641s] -- Generating done (0.0s)
[0.643s] -- Build files have been written to: /home/song/ros2_ws/build/hanium
[0.647s] Invoked command in '/home/song/ros2_ws/build/hanium' returned '0': CMAKE_PREFIX_PATH=${CMAKE_PREFIX_PATH}:/opt/ros/jazzy DEBUGINFOD_URLS=https://debuginfod.ubuntu.com /usr/bin/cmake /home/song/ros2_ws/src/hanium -DCMAKE_INSTALL_PREFIX=/home/song/ros2_ws/install/hanium
[0.648s] Invoking command in '/home/song/ros2_ws/build/hanium': CMAKE_PREFIX_PATH=${CMAKE_PREFIX_PATH}:/opt/ros/jazzy DEBUGINFOD_URLS=https://debuginfod.ubuntu.com /usr/bin/cmake --build /home/song/ros2_ws/build/hanium -- -j12 -l12
[0.684s] Invoked command in '/home/song/ros2_ws/build/hanium' returned '0': CMAKE_PREFIX_PATH=${CMAKE_PREFIX_PATH}:/opt/ros/jazzy DEBUGINFOD_URLS=https://debuginfod.ubuntu.com /usr/bin/cmake --build /home/song/ros2_ws/build/hanium -- -j12 -l12
[0.693s] Invoking command in '/home/song/ros2_ws/build/hanium': CMAKE_PREFIX_PATH=${CMAKE_PREFIX_PATH}:/opt/ros/jazzy DEBUGINFOD_URLS=https://debuginfod.ubuntu.com /usr/bin/cmake --install /home/song/ros2_ws/build/hanium
[0.701s] -- Install configuration: ""
[0.701s] -- Installing: /home/song/ros2_ws/install/hanium/share/hanium/urdf
[0.701s] -- Installing: /home/song/ros2_ws/install/hanium/share/hanium/urdf/balancing_robot_urdf.urdf
[0.701s] [31mCMake Error at cmake_install.cmake:46 (file):
[0.701s]   file INSTALL cannot find "/home/song/ros2_ws/src/hanium/meshes": No such
[0.701s]   file or directory.
[0.701s] 
[0.702s] [0m
[0.702s] Invoked command in '/home/song/ros2_ws/build/hanium' returned '1': CMAKE_PREFIX_PATH=${CMAKE_PREFIX_PATH}:/opt/ros/jazzy DEBUGINFOD_URLS=https://debuginfod.ubuntu.com /usr/bin/cmake --install /home/song/ros2_ws/build/hanium
